[Q2 零信號] 警報率 0.212（事件者 0.228／非事件者 0.209，比 1.09）；動態 AUC [0.496, 0.503, 0.513, 0.498, 0.501, 0.488, 0.502, 0.472, 0.506, 0.519, 0.519, 0.531]；max|mean ΔC| 0.007615119963463164

=== 預設情境（n=3000, MC=5）鎖定閾值 {'S': 0.6666666666666666, 'level': -0.26532718539237976, 'trend': 0.0036488559458043787}（達成假警報／病人年 {'S': 0.10755403069459168, 'level': 0.09999617988902579, 'trend': 0.09999617988902579}，預算 0.1）===
  [ews]
    bifurcation              警報率 0.2409219541113866  可算 0.9952456622285842  跳轉前敏感度 0.24085899615749037  提前(至跳轉)中位 185.2  提前(至臨界) 136.9
    stochastic_escape        警報率 0.24113664716372196  可算 1.0  跳轉前敏感度 0.24453536049028912  提前(至跳轉)中位 286.4  提前(至臨界) None
    continuous_deterioration 警報率 0.20557502223360818  可算 1.0  跳轉前敏感度 0.38588911088911093  提前(至跳轉)中位 623.1  提前(至臨界) None
    exogenous_shock          警報率 0.20604430500548596  可算 1.0  跳轉前敏感度 0.16752136752136754  提前(至跳轉)中位 364.75  提前(至臨界) 334.0
    noise_amplification      警報率 0.20724818357253585  可算 1.0
    stable                   警報率 0.21368354192497074  可算 1.0
    AUC(跳轉) {'mean': 0.49317004310194956, 'se': 0.006664655115065536, 'k': 5}
  [level_rule]
    bifurcation              警報率 0.5269504492211451  可算 1.0  跳轉前敏感度 0.5265600745891843  提前(至跳轉)中位 19.4  提前(至臨界) -28.7
    stochastic_escape        警報率 0.7826988238276821  可算 1.0  跳轉前敏感度 0.7778194217516174  提前(至跳轉)中位 35.2  提前(至臨界) None
    continuous_deterioration 警報率 0.8342319291877361  可算 1.0  跳轉前敏感度 1.0  提前(至跳轉)中位 321.6  提前(至臨界) None
    exogenous_shock          警報率 0.49656352759687916  可算 1.0  跳轉前敏感度 0.6071794871794872  提前(至跳轉)中位 18.2  提前(至臨界) 3.1
    noise_amplification      警報率 0.7705804553459384  可算 1.0
    stable                   警報率 0.19140404624488774  可算 1.0
    AUC(跳轉) {'mean': 0.7149057217566789, 'se': 0.005712285654910825, 'k': 5}
  [trend_rule]
    bifurcation              警報率 0.5136531741578704  可算 1.0  跳轉前敏感度 0.5135414552244549  提前(至跳轉)中位 174.3  提前(至臨界) 129.5
    stochastic_escape        警報率 0.4260690324586558  可算 1.0  跳轉前敏感度 0.4219218298644988  提前(至跳轉)中位 267.6  提前(至臨界) None
    continuous_deterioration 警報率 0.19894123902629568  可算 1.0  跳轉前敏感度 0.26615884115884114  提前(至跳轉)中位 628.2  提前(至臨界) None
    exogenous_shock          警報率 0.20381385700139115  可算 1.0  跳轉前敏感度 0.11692307692307694  提前(至跳轉)中位 478.5  提前(至臨界) 319.0
    noise_amplification      警報率 0.21598447029213985  可算 1.0
    stable                   警報率 0.19093640423391248  可算 1.0
    AUC(跳轉) {'mean': 0.7324746454695064, 'se': 0.0025470498743692927, 'k': 5}
  H2 地標 90: C 靜態 0.697 動態 0.821 增益 +0.124±0.004724173283738879  NRI(同風險集,相對) 0.20712130845189516
  H2 地標 180: C 靜態 0.696 動態 0.883 增益 +0.187±0.004443045763034519  NRI(同風險集,相對) 0.34790260635761017
  H2 地標 365: C 靜態 0.682 動態 0.935 增益 +0.254±0.010902908318623212  NRI(同風險集,相對) 0.5444641066619503
  H2 地標 540: C 靜態 0.659 動態 0.919 增益 +0.260±0.006539565989261933  NRI(同風險集,相對) 0.5243357997163729
=== 品質關卡 ===
  [通過] Q1 機制獨立
  [通過] Q2 零信號
  [通過] Q3 閾值鎖定
  [通過] Q4 時間方向
  [通過] Q5 觀測密度
  [通過] Q6 結局盲化
[預設情境] 完成（2642 s）：results/default.json
